// Jest Snapshot v1, https://goo.gl/fbAQLP

exports[`cart-checkout should render correctly 1`] = `
Object {
  "asFragment": [Function],
  "baseElement": <body>
    <div>
      <div
        class="product cell small-12 grid-x grid-margin-x"
      >
        <img
          alt="test"
          src="testurl"
        />
        <div
          class="product-title cell small-4"
        >
          test
        </div>
        <div
          class="product-price cell small-2"
        >
          $
          1
        </div>
        <button
          class="product-price cell small-1 cart-quantity"
        >
          -
        </button>
        <div
          class="product-price cell small-1 cart-quantity"
        >
          1
        </div>
        <button
          class="product-price cell small-1 cart-quantity"
        >
          +
        </button>
        <button
          class="cart-remove"
        >
          remove
        </button>
      </div>
    </div>
  </body>,
  "container": <div>
    <div
      class="product cell small-12 grid-x grid-margin-x"
    >
      <img
        alt="test"
        src="testurl"
      />
      <div
        class="product-title cell small-4"
      >
        test
      </div>
      <div
        class="product-price cell small-2"
      >
        $
        1
      </div>
      <button
        class="product-price cell small-1 cart-quantity"
      >
        -
      </button>
      <div
        class="product-price cell small-1 cart-quantity"
      >
        1
      </div>
      <button
        class="product-price cell small-1 cart-quantity"
      >
        +
      </button>
      <button
        class="cart-remove"
      >
        remove
      </button>
    </div>
  </div>,
  "debug": [Function],
  "findAllByAltText": [Function],
  "findAllByDisplayValue": [Function],
  "findAllByLabelText": [Function],
  "findAllByPlaceholderText": [Function],
  "findAllByRole": [Function],
  "findAllByTestId": [Function],
  "findAllByText": [Function],
  "findAllByTitle": [Function],
  "findByAltText": [Function],
  "findByDisplayValue": [Function],
  "findByLabelText": [Function],
  "findByPlaceholderText": [Function],
  "findByRole": [Function],
  "findByTestId": [Function],
  "findByText": [Function],
  "findByTitle": [Function],
  "getAllByAltText": [Function],
  "getAllByDisplayValue": [Function],
  "getAllByLabelText": [Function],
  "getAllByPlaceholderText": [Function],
  "getAllByRole": [Function],
  "getAllByTestId": [Function],
  "getAllByText": [Function],
  "getAllByTitle": [Function],
  "getByAltText": [Function],
  "getByDisplayValue": [Function],
  "getByLabelText": [Function],
  "getByPlaceholderText": [Function],
  "getByRole": [Function],
  "getByTestId": [Function],
  "getByText": [Function],
  "getByTitle": [Function],
  "queryAllByAltText": [Function],
  "queryAllByDisplayValue": [Function],
  "queryAllByLabelText": [Function],
  "queryAllByPlaceholderText": [Function],
  "queryAllByRole": [Function],
  "queryAllByTestId": [Function],
  "queryAllByText": [Function],
  "queryAllByTitle": [Function],
  "queryByAltText": [Function],
  "queryByDisplayValue": [Function],
  "queryByLabelText": [Function],
  "queryByPlaceholderText": [Function],
  "queryByRole": [Function],
  "queryByTestId": [Function],
  "queryByText": [Function],
  "queryByTitle": [Function],
  "rerender": [Function],
  "unmount": [Function],
}
`;
